2026-02-20T11:43:04.1880648Z Current runner version: '2.331.0'
2026-02-20T11:43:04.1904599Z ##[group]Runner Image Provisioner
2026-02-20T11:43:04.1905385Z Hosted Compute Agent
2026-02-20T11:43:04.1906030Z Version: 20260123.484
2026-02-20T11:43:04.1906632Z Commit: 6bd6555ca37d84114959e1c76d2c01448ff61c5d
2026-02-20T11:43:04.1907321Z Build Date: 2026-01-23T19:41:17Z
2026-02-20T11:43:04.1908034Z Worker ID: {2da8bd03-5660-4807-ac8d-1c0f4865c85c}
2026-02-20T11:43:04.1908665Z Azure Region: westus
2026-02-20T11:43:04.1909195Z ##[endgroup]
2026-02-20T11:43:04.1910642Z ##[group]Operating System
2026-02-20T11:43:04.1911456Z Ubuntu
2026-02-20T11:43:04.1911969Z 24.04.3
2026-02-20T11:43:04.1912513Z LTS
2026-02-20T11:43:04.1912989Z ##[endgroup]
2026-02-20T11:43:04.1913449Z ##[group]Runner Image
2026-02-20T11:43:04.1914017Z Image: ubuntu-24.04
2026-02-20T11:43:04.1914508Z Version: 20260201.15.1
2026-02-20T11:43:04.1915680Z Included Software: https://github.com/actions/runner-images/blob/ubuntu24/20260201.15/images/ubuntu/Ubuntu2404-Readme.md
2026-02-20T11:43:04.1917145Z Image Release: https://github.com/actions/runner-images/releases/tag/ubuntu24%2F20260201.15
2026-02-20T11:43:04.1918013Z ##[endgroup]
2026-02-20T11:43:04.1919184Z ##[group]GITHUB_TOKEN Permissions
2026-02-20T11:43:04.1921602Z Contents: write
2026-02-20T11:43:04.1922158Z Issues: write
2026-02-20T11:43:04.1922762Z Metadata: read
2026-02-20T11:43:04.1923228Z PullRequests: write
2026-02-20T11:43:04.1923718Z ##[endgroup]
2026-02-20T11:43:04.1925847Z Secret source: Actions
2026-02-20T11:43:04.1926586Z Prepare workflow directory
2026-02-20T11:43:04.2320797Z Prepare all required actions
2026-02-20T11:43:04.2360870Z Getting action download info
2026-02-20T11:43:04.6934077Z Download action repository 'actions/checkout@v4' (SHA:34e114876b0b11c390a56381ad16ebd13914f8d5)
2026-02-20T11:43:04.7898161Z Download action repository 'actions/download-artifact@v4' (SHA:d3f86a106a0bac45b974a628896c90dbdf5c8093)
2026-02-20T11:43:05.4310330Z Download action repository 'actions/github-script@v7' (SHA:f28e40c7f34bde8b3046d885e986cb6290c5673b)
2026-02-20T11:43:06.0833225Z Complete job name: Post/Update Summary
2026-02-20T11:43:06.1739438Z ##[group]Run actions/checkout@v4
2026-02-20T11:43:06.1740883Z with:
2026-02-20T11:43:06.1741859Z   repository: coelhotv/meus-remedios
2026-02-20T11:43:06.1743257Z   token: ***
2026-02-20T11:43:06.1744037Z   ssh-strict: true
2026-02-20T11:43:06.1744849Z   ssh-user: git
2026-02-20T11:43:06.1745674Z   persist-credentials: true
2026-02-20T11:43:06.1746587Z   clean: true
2026-02-20T11:43:06.1747399Z   sparse-checkout-cone-mode: true
2026-02-20T11:43:06.1748389Z   fetch-depth: 1
2026-02-20T11:43:06.1749175Z   fetch-tags: false
2026-02-20T11:43:06.1749974Z   show-progress: true
2026-02-20T11:43:06.1750793Z   lfs: false
2026-02-20T11:43:06.1751842Z   submodules: false
2026-02-20T11:43:06.1752664Z   set-safe-directory: true
2026-02-20T11:43:06.1753864Z env:
2026-02-20T11:43:06.1754662Z   GEMINI_BOT_LOGIN: gemini-code-assist[bot]
2026-02-20T11:43:06.1755750Z   NODE_VERSION: 20
2026-02-20T11:43:06.1756556Z ##[endgroup]
2026-02-20T11:43:06.2927601Z Syncing repository: coelhotv/meus-remedios
2026-02-20T11:43:06.2932582Z ##[group]Getting Git version info
2026-02-20T11:43:06.2935015Z Working directory is '/home/runner/work/meus-remedios/meus-remedios'
2026-02-20T11:43:06.2938527Z [command]/usr/bin/git version
2026-02-20T11:43:06.2978245Z git version 2.52.0
2026-02-20T11:43:06.3006806Z ##[endgroup]
2026-02-20T11:43:06.3023388Z Temporarily overriding HOME='/home/runner/work/_temp/26dae7ea-d136-432a-a29d-c95227cf2aff' before making global git config changes
2026-02-20T11:43:06.3028311Z Adding repository directory to the temporary git global config as a safe directory
2026-02-20T11:43:06.3032823Z [command]/usr/bin/git config --global --add safe.directory /home/runner/work/meus-remedios/meus-remedios
2026-02-20T11:43:06.3084568Z Deleting the contents of '/home/runner/work/meus-remedios/meus-remedios'
2026-02-20T11:43:06.3088602Z ##[group]Initializing the repository
2026-02-20T11:43:06.3092286Z [command]/usr/bin/git init /home/runner/work/meus-remedios/meus-remedios
2026-02-20T11:43:06.3213836Z hint: Using 'master' as the name for the initial branch. This default branch name
2026-02-20T11:43:06.3216857Z hint: will change to "main" in Git 3.0. To configure the initial branch name
2026-02-20T11:43:06.3219672Z hint: to use in all of your new repositories, which will suppress this warning,
2026-02-20T11:43:06.3221402Z hint: call:
2026-02-20T11:43:06.3222167Z hint:
2026-02-20T11:43:06.3223548Z hint: 	git config --global init.defaultBranch <name>
2026-02-20T11:43:06.3224734Z hint:
2026-02-20T11:43:06.3225837Z hint: Names commonly chosen instead of 'master' are 'main', 'trunk' and
2026-02-20T11:43:06.3227677Z hint: 'development'. The just-created branch can be renamed via this command:
2026-02-20T11:43:06.3229349Z hint:
2026-02-20T11:43:06.3230719Z hint: 	git branch -m <name>
2026-02-20T11:43:06.3232413Z hint:
2026-02-20T11:43:06.3234423Z hint: Disable this message with "git config set advice.defaultBranchName false"
2026-02-20T11:43:06.3237991Z Initialized empty Git repository in /home/runner/work/meus-remedios/meus-remedios/.git/
2026-02-20T11:43:06.3242061Z [command]/usr/bin/git remote add origin https://github.com/coelhotv/meus-remedios
2026-02-20T11:43:06.3272277Z ##[endgroup]
2026-02-20T11:43:06.3274735Z ##[group]Disabling automatic garbage collection
2026-02-20T11:43:06.3277048Z [command]/usr/bin/git config --local gc.auto 0
2026-02-20T11:43:06.3308907Z ##[endgroup]
2026-02-20T11:43:06.3311426Z ##[group]Setting up auth
2026-02-20T11:43:06.3317294Z [command]/usr/bin/git config --local --name-only --get-regexp core\.sshCommand
2026-02-20T11:43:06.3352928Z [command]/usr/bin/git submodule foreach --recursive sh -c "git config --local --name-only --get-regexp 'core\.sshCommand' && git config --local --unset-all 'core.sshCommand' || :"
2026-02-20T11:43:06.3709826Z [command]/usr/bin/git config --local --name-only --get-regexp http\.https\:\/\/github\.com\/\.extraheader
2026-02-20T11:43:06.3745504Z [command]/usr/bin/git submodule foreach --recursive sh -c "git config --local --name-only --get-regexp 'http\.https\:\/\/github\.com\/\.extraheader' && git config --local --unset-all 'http.https://github.com/.extraheader' || :"
2026-02-20T11:43:06.3978559Z [command]/usr/bin/git config --local --name-only --get-regexp ^includeIf\.gitdir:
2026-02-20T11:43:06.4013724Z [command]/usr/bin/git submodule foreach --recursive git config --local --show-origin --name-only --get-regexp remote.origin.url
2026-02-20T11:43:06.4252342Z [command]/usr/bin/git config --local http.https://github.com/.extraheader AUTHORIZATION: basic ***
2026-02-20T11:43:06.4289319Z ##[endgroup]
2026-02-20T11:43:06.4291968Z ##[group]Fetching the repository
2026-02-20T11:43:06.4301807Z [command]/usr/bin/git -c protocol.version=2 fetch --no-tags --prune --no-recurse-submodules --depth=1 origin +772cf795ed5568e2a51aacfbacce80c38516102a:refs/remotes/pull/78/merge
2026-02-20T11:43:06.9555288Z From https://github.com/coelhotv/meus-remedios
2026-02-20T11:43:06.9559374Z  * [new ref]         772cf795ed5568e2a51aacfbacce80c38516102a -> pull/78/merge
2026-02-20T11:43:06.9597297Z ##[endgroup]
2026-02-20T11:43:06.9598859Z ##[group]Determining the checkout info
2026-02-20T11:43:06.9600317Z ##[endgroup]
2026-02-20T11:43:06.9604677Z [command]/usr/bin/git sparse-checkout disable
2026-02-20T11:43:06.9646765Z [command]/usr/bin/git config --local --unset-all extensions.worktreeConfig
2026-02-20T11:43:06.9675500Z ##[group]Checking out the ref
2026-02-20T11:43:06.9680416Z [command]/usr/bin/git checkout --progress --force refs/remotes/pull/78/merge
2026-02-20T11:43:07.0200336Z Note: switching to 'refs/remotes/pull/78/merge'.
2026-02-20T11:43:07.0201852Z 
2026-02-20T11:43:07.0202653Z You are in 'detached HEAD' state. You can look around, make experimental
2026-02-20T11:43:07.0205255Z changes and commit them, and you can discard any commits you make in this
2026-02-20T11:43:07.0208311Z state without impacting any branches by switching back to a branch.
2026-02-20T11:43:07.0209974Z 
2026-02-20T11:43:07.0211615Z If you want to create a new branch to retain commits you create, you may
2026-02-20T11:43:07.0214265Z do so (now or later) by using -c with the switch command. Example:
2026-02-20T11:43:07.0215756Z 
2026-02-20T11:43:07.0216337Z   git switch -c <new-branch-name>
2026-02-20T11:43:07.0217386Z 
2026-02-20T11:43:07.0217926Z Or undo this operation with:
2026-02-20T11:43:07.0218869Z 
2026-02-20T11:43:07.0219297Z   git switch -
2026-02-20T11:43:07.0219975Z 
2026-02-20T11:43:07.0221291Z Turn off this advice by setting config variable advice.detachedHead to false
2026-02-20T11:43:07.0223058Z 
2026-02-20T11:43:07.0225037Z HEAD is now at 772cf79 Merge e6a439c168cd16cf227a3dd447ea740ca823b8f6 into 5cd98b135d76020d6595474439d04613cdc37dfe
2026-02-20T11:43:07.0229017Z ##[endgroup]
2026-02-20T11:43:07.0256268Z [command]/usr/bin/git log -1 --format=%H
2026-02-20T11:43:07.0281515Z 772cf795ed5568e2a51aacfbacce80c38516102a
2026-02-20T11:43:07.0539587Z ##[group]Run actions/download-artifact@v4
2026-02-20T11:43:07.0540578Z with:
2026-02-20T11:43:07.0541409Z   name: gemini-review-output
2026-02-20T11:43:07.0542252Z   path: .gemini-output/
2026-02-20T11:43:07.0543006Z   merge-multiple: false
2026-02-20T11:43:07.0543798Z   repository: coelhotv/meus-remedios
2026-02-20T11:43:07.0544677Z   run-id: 22222734129
2026-02-20T11:43:07.0545362Z env:
2026-02-20T11:43:07.0546041Z   GEMINI_BOT_LOGIN: gemini-code-assist[bot]
2026-02-20T11:43:07.0546988Z   NODE_VERSION: 20
2026-02-20T11:43:07.0547659Z ##[endgroup]
2026-02-20T11:43:07.2562104Z Downloading single artifact
2026-02-20T11:43:07.5508662Z Preparing to download the following artifacts:
2026-02-20T11:43:07.5509868Z - gemini-review-output (ID: 5588683190, Size: 1024, Expected Digest: sha256:518b2f80fd6bae7db1c1fc7ceb63fc85ac16b51dad95b30b8c0896239063fae0)
2026-02-20T11:43:07.7517129Z Redirecting to blob download url: https://productionresultssa14.blob.core.windows.net/actions-results/0949b403-e41e-416d-b620-60343a5325a6/workflow-job-run-2153ce9a-1da5-5a78-be8c-dd4013516542/artifacts/3bff0d05b1ebc9a8ed5437146cbb4070f8619cdee988947df29f63132ed221a2.zip
2026-02-20T11:43:07.7518743Z Starting download of artifact to: /home/runner/work/meus-remedios/meus-remedios/.gemini-output
2026-02-20T11:43:08.0158925Z (node:2192) [DEP0005] DeprecationWarning: Buffer() is deprecated due to security and usability issues. Please use the Buffer.alloc(), Buffer.allocUnsafe(), or Buffer.from() methods instead.
2026-02-20T11:43:08.0160783Z (Use `node --trace-deprecation ...` to show where the warning was created)
2026-02-20T11:43:08.0217489Z SHA256 digest of downloaded artifact is 518b2f80fd6bae7db1c1fc7ceb63fc85ac16b51dad95b30b8c0896239063fae0
2026-02-20T11:43:08.0218650Z Artifact download completed successfully.
2026-02-20T11:43:08.0219257Z Total of 1 artifact(s) downloaded
2026-02-20T11:43:08.0225722Z Download artifact has finished successfully
2026-02-20T11:43:08.0476112Z ##[group]Run actions/github-script@v7
2026-02-20T11:43:08.0476457Z with:
2026-02-20T11:43:08.0478697Z   script: const fs = require('fs');

// Carregar output estruturado
let reviewData;
try {
  reviewData = JSON.parse(fs.readFileSync(`.gemini-output/review-78.json`, 'utf8'));
} catch (e) {
  console.log('Review file not found, using empty data');
  reviewData = { summary: { total_issues: 0, auto_fixable: 0, critical: 0, needs_agent: 0 }, issues: [] };
}

const prNumber = parseInt("78");

// Importar e executar script de resumo inteligente
const { postOrUpdateSummary } = require('./.github/scripts/post-smart-summary.js');
const result = await postOrUpdateSummary(reviewData, prNumber, github, context);

console.log(`Summary ${result.action}: ${result.url}`);

2026-02-20T11:43:08.0481375Z   github-token: ***
2026-02-20T11:43:08.0481623Z   debug: false
2026-02-20T11:43:08.0481874Z   user-agent: actions/github-script
2026-02-20T11:43:08.0482178Z   result-encoding: json
2026-02-20T11:43:08.0482461Z   retries: 0
2026-02-20T11:43:08.0482731Z   retry-exempt-status-codes: 400,401,403,404,422
2026-02-20T11:43:08.0483076Z env:
2026-02-20T11:43:08.0483315Z   GEMINI_BOT_LOGIN: gemini-code-assist[bot]
2026-02-20T11:43:08.0483808Z   NODE_VERSION: 20
2026-02-20T11:43:08.0484031Z ##[endgroup]
2026-02-20T11:43:08.1381200Z ReferenceError: module is not defined in ES module scope
2026-02-20T11:43:08.1382858Z This file is being treated as an ES module because it has a '.js' file extension and '/home/runner/work/meus-remedios/meus-remedios/package.json' contains "type": "module". To treat it as a CommonJS script, rename it to use the '.cjs' file extension.
2026-02-20T11:43:08.1384529Z     at file:///home/runner/work/meus-remedios/meus-remedios/.github/scripts/post-smart-summary.js:164:1
2026-02-20T11:43:08.1385378Z     at ModuleJobSync.runSync (node:internal/modules/esm/module_job:437:37)
2026-02-20T11:43:08.1386131Z     at ModuleLoader.importSyncForRequire (node:internal/modules/esm/loader:389:47)
2026-02-20T11:43:08.1386864Z     at loadESMFromCJS (node:internal/modules/cjs/loader:1363:24)
2026-02-20T11:43:08.1387606Z     at Module._compile (node:internal/modules/cjs/loader:1503:5)
2026-02-20T11:43:08.1388624Z     at Module._extensions..js (node:internal/modules/cjs/loader:1623:10)
2026-02-20T11:43:08.1389573Z     at Module.load (node:internal/modules/cjs/loader:1266:32)
2026-02-20T11:43:08.1390440Z     at Module._load (node:internal/modules/cjs/loader:1091:12)
2026-02-20T11:43:08.1391613Z     at Module.require (node:internal/modules/cjs/loader:1289:19)
2026-02-20T11:43:08.1392515Z     at require (node:internal/modules/helpers:182:18)
2026-02-20T11:43:08.1414075Z ##[error]Unhandled error: ReferenceError: module is not defined in ES module scope
This file is being treated as an ES module because it has a '.js' file extension and '/home/runner/work/meus-remedios/meus-remedios/package.json' contains "type": "module". To treat it as a CommonJS script, rename it to use the '.cjs' file extension.
2026-02-20T11:43:08.1554160Z Post job cleanup.
2026-02-20T11:43:08.2504533Z [command]/usr/bin/git version
2026-02-20T11:43:08.2548739Z git version 2.52.0
2026-02-20T11:43:08.2592547Z Temporarily overriding HOME='/home/runner/work/_temp/a3781c85-a10d-4c1f-848f-877185aa4cde' before making global git config changes
2026-02-20T11:43:08.2593713Z Adding repository directory to the temporary git global config as a safe directory
2026-02-20T11:43:08.2598215Z [command]/usr/bin/git config --global --add safe.directory /home/runner/work/meus-remedios/meus-remedios
2026-02-20T11:43:08.2634102Z [command]/usr/bin/git config --local --name-only --get-regexp core\.sshCommand
2026-02-20T11:43:08.2666351Z [command]/usr/bin/git submodule foreach --recursive sh -c "git config --local --name-only --get-regexp 'core\.sshCommand' && git config --local --unset-all 'core.sshCommand' || :"
2026-02-20T11:43:08.2898938Z [command]/usr/bin/git config --local --name-only --get-regexp http\.https\:\/\/github\.com\/\.extraheader
2026-02-20T11:43:08.2920796Z http.https://github.com/.extraheader
2026-02-20T11:43:08.2934320Z [command]/usr/bin/git config --local --unset-all http.https://github.com/.extraheader
2026-02-20T11:43:08.2966275Z [command]/usr/bin/git submodule foreach --recursive sh -c "git config --local --name-only --get-regexp 'http\.https\:\/\/github\.com\/\.extraheader' && git config --local --unset-all 'http.https://github.com/.extraheader' || :"
2026-02-20T11:43:08.3195963Z [command]/usr/bin/git config --local --name-only --get-regexp ^includeIf\.gitdir:
2026-02-20T11:43:08.3228653Z [command]/usr/bin/git submodule foreach --recursive git config --local --show-origin --name-only --get-regexp remote.origin.url
2026-02-20T11:43:08.3570013Z Cleaning up orphan processes
